../Core/Src/LedTask.c:15:6:createLedTask	16	static
../Core/Src/LedTask.c:25:6:createButtonTask	16	static
../Core/Src/LedTask.c:34:6:buttonTask	16	static
../Core/Src/LedTask.c:51:6:ledToggleTaskej1b	24	static
../Core/Src/LedTask.c:63:6:ledToggleTask	24	static
../Core/Src/LedTask.c:76:6:animationLedTask1	24	static
../Core/Src/LedTask.c:96:6:animationLedTask2	32	static
../Core/Src/LedTask.c:119:6:ledToggleTask2	32	static
../Core/Src/LedTask.c:152:6:animation1	8	static
../Core/Src/LedTask.c:162:6:animation2	8	static
../Core/Src/LedTask.c:176:6:animation3	8	static
../Core/Src/LedTask.c:189:6:animation4	16	static
../Core/Src/LedTask.c:204:7:animation1Task	16	static
../Core/Src/LedTask.c:219:7:animation2Task	16	static
../Core/Src/LedTask.c:236:7:animation3Task	16	static
../Core/Src/LedTask.c:251:7:animation4Task	24	static
