../Core/Src/LedTask.c:12:6:createLedTask	16	static
../Core/Src/LedTask.c:29:6:ledToggleTaskej1b	24	static
../Core/Src/LedTask.c:41:6:ledToggleTask	24	static
../Core/Src/LedTask.c:54:6:animationLedTask1	24	static
../Core/Src/LedTask.c:74:6:animationLedTask2	32	static
../Core/Src/LedTask.c:96:6:ledToggleTask2	32	static
../Core/Src/LedTask.c:129:6:animation1	8	static
../Core/Src/LedTask.c:139:6:animation2	8	static
../Core/Src/LedTask.c:153:6:animation3	8	static
../Core/Src/LedTask.c:166:6:animation4	16	static
../Core/Src/LedTask.c:180:7:animation1Task	16	static
../Core/Src/LedTask.c:194:7:animation2Task	16	static
../Core/Src/LedTask.c:208:7:animation3Task	16	static
../Core/Src/LedTask.c:221:7:animation4Task	24	static
